[elektriker-pohl.de/index.html]
[backblue.gif]
[fade.gif]
[index.html]
[elektriker-pohl.de/wp-content/themes/hello-elementor/assets/css/resetedb1.css]
[elektriker-pohl.de/feed/index.html]
[elektriker-pohl.de/wp-content/themes/hello-elementor/assets/css/themeedb1.css]
[elektriker-pohl.de/wp-content/themes/hello-elementor/assets/css/header-footeredb1.css]
[elektriker-pohl.de/comments/feed/index.html]
[elektriker-pohl.de/wp-content/plugins/elementor/assets/css/frontend.min20c8.css]
[elektriker-pohl.de/wp-content/uploads/elementor/css/post-6f8f0.css]
[elektriker-pohl.de/wp-content/plugins/elementor/assets/css/widget-heading.min20c8.css]
[elektriker-pohl.de/wp-content/plugins/elementor/assets/css/widget-image.min20c8.css]
[elektriker-pohl.de/wp-content/plugins/elementor/assets/css/widget-icon-list.min20c8.css]
[elektriker-pohl.de/wp-content/plugins/elementor-pro/assets/css/frontend.min81e1.css]
[elektriker-pohl.de/wp-content/plugins/elementor/assets/css/widget-icon-box.min20c8.css]
[elektriker-pohl.de/wp-content/plugins/elementor/assets/css/widget-divider.min20c8.css]
[elektriker-pohl.de/wp-content/plugins/elementor-pro/assets/css/widget-forms.min81e1.css]
[elektriker-pohl.de/wp-content/plugins/elementor/assets/lib/flatpickr/flatpickr.min4e7f.css]
[elektriker-pohl.de/wp-content/plugins/elementor/assets/css/widget-nested-accordion.min20c8.css]
[elektriker-pohl.de/wp-content/uploads/elementor/css/post-35c49d.css]
[elektriker-pohl.de/wp-content/uploads/elementor/css/post-13ea45.css]
[elektriker-pohl.de/wp-content/uploads/elementor/css/post-21ea45.css]
[elektriker-pohl.de/wp-content/uploads/elementor/google-fonts/css/roboto18b6.css]
[elektriker-pohl.de/wp-content/uploads/elementor/google-fonts/css/robotoslab4fb3.css]
[elektriker-pohl.de/wp-includes/js/jquery/jquery.minf43b.js]
[elektriker-pohl.de/wp-includes/js/jquery/jquery-migrate.min5589.js]
[elektriker-pohl.de/wp-json/wp/v2/pages/35.json]
[elektriker-pohl.de/xmlrpc0db0.php]
[elektriker-pohl.de/wp-json/index.html]
[elektriker-pohl.de/wp-json/oembed/1.0/embed5b95.json]
[elektriker-pohl.de/wp-json/oembed/1.0/embed7eb5]
[elektriker-pohl.de/wp-content/uploads/2025/06/cropped-elektro-pohl-icon-32x32.png]
[elektriker-pohl.de/wp-content/uploads/2025/06/cropped-elektro-pohl-icon-192x192.png]
[elektriker-pohl.de/wp-content/uploads/2025/06/cropped-elektro-pohl-icon-180x180.png]
[elektriker-pohl.de/wp-content/uploads/2025/06/cropped-elektro-pohl.png]
[elektriker-pohl.de/wp-content/uploads/2025/06/950201d8-368a-4744-8e05-e305a7a9453a-1024x683.png]
[elektriker-pohl.de/wp-content/uploads/2025/06/21391b07-45f9-4235-9d2b-865be5c0dc86.png]
[elektriker-pohl.de/wp-content/uploads/2025/06/650731ba-5086-4088-a22c-9cf762785439-683x1024.png]
[elektriker-pohl.de/wp-content/themes/hello-elementor/assets/js/hello-frontendedb1.js]
[elektriker-pohl.de/wp-content/plugins/elementor/assets/js/webpack.runtime.min20c8.js]
[elektriker-pohl.de/impressum/index.html]
[elektriker-pohl.de/wp-content/plugins/elementor/assets/js/frontend-modules.min20c8.js]
[elektriker-pohl.de/wp-includes/js/jquery/ui/core.minb37e.js]
[elektriker-pohl.de/wp-content/plugins/elementor/assets/js/frontend.min20c8.js]
[elektriker-pohl.de/wp-content/plugins/elementor-pro/assets/lib/sticky/jquery.sticky.min81e1.js]
[elektriker-pohl.de/wp-content/plugins/elementor-pro/assets/js/webpack-pro.runtime.min81e1.js]
[elektriker-pohl.de/datenschutz/index.html]
[elektriker-pohl.de/wp-includes/js/dist/hooks.min4fdd.js]
[elektriker-pohl.de/wp-includes/js/dist/i18n.minc33c.js]
[elektriker-pohl.de/wp-content/plugins/elementor-pro/assets/js/frontend.min81e1.js]
[elektriker-pohl.de/index.html]
[elektriker-pohl.de/wp-content/plugins/elementor-pro/assets/js/elements-handlers.min81e1.js]
[elektriker-pohl.de/wp-content/themes/hello-elementor/assets/css/resetedb1.css]
[elektriker-pohl.de/wp-content/themes/hello-elementor/assets/css/themeedb1.css]
[elektriker-pohl.de/wp-content/themes/hello-elementor/assets/css/header-footeredb1.css]
[elektriker-pohl.de/wp-content/plugins/elementor/assets/css/frontend.min20c8.css]
[elektriker-pohl.de/wp-content/uploads/elementor/css/post-6f8f0.css]
[elektriker-pohl.de/wp-content/plugins/elementor/assets/css/widget-heading.min20c8.css]
[elektriker-pohl.de/wp-content/plugins/elementor/assets/css/widget-image.min20c8.css]
[elektriker-pohl.de/wp-content/plugins/elementor/assets/css/widget-icon-list.min20c8.css]
[elektriker-pohl.de/wp-content/plugins/elementor-pro/assets/css/frontend.min81e1.css]
[elektriker-pohl.de/wp-content/plugins/elementor/assets/css/widget-icon-box.min20c8.css]
[elektriker-pohl.de/wp-content/plugins/elementor/assets/css/widget-divider.min20c8.css]
[elektriker-pohl.de/wp-content/plugins/elementor-pro/assets/css/widget-forms.min81e1.css]
[elektriker-pohl.de/wp-content/plugins/elementor/assets/lib/flatpickr/flatpickr.min4e7f.css]
[elektriker-pohl.de/wp-content/plugins/elementor/assets/css/widget-nested-accordion.min20c8.css]
[elektriker-pohl.de/wp-content/uploads/elementor/css/post-35c49d.css]
[elektriker-pohl.de/wp-content/uploads/elementor/css/post-13ea45.css]
[elektriker-pohl.de/wp-content/uploads/elementor/css/post-21ea45.css]
[shk-pohl.de/wp-content/uploads/elementor/google-fonts/fonts/roboto-kfo5cnqeu92fr1mu53zec9_vu3r1gihoszmkc3kawzu.woff2]
[shk-pohl.de/wp-content/uploads/elementor/google-fonts/fonts/roboto-kfo5cnqeu92fr1mu53zec9_vu3r1gihoszmkankawzu.woff2]
[shk-pohl.de/wp-content/uploads/elementor/google-fonts/fonts/roboto-kfo5cnqeu92fr1mu53zec9_vu3r1gihoszmkcnkawzu.woff2]
[shk-pohl.de/wp-content/uploads/elementor/google-fonts/fonts/roboto-kfo5cnqeu92fr1mu53zec9_vu3r1gihoszmkbxkawzu.woff2]
[shk-pohl.de/wp-content/uploads/elementor/google-fonts/fonts/roboto-kfo5cnqeu92fr1mu53zec9_vu3r1gihoszmkenkawzu.woff2]
[shk-pohl.de/wp-content/uploads/elementor/google-fonts/fonts/roboto-kfo5cnqeu92fr1mu53zec9_vu3r1gihoszmkahkawzu.woff2]
[shk-pohl.de/wp-content/uploads/elementor/google-fonts/fonts/roboto-kfo5cnqeu92fr1mu53zec9_vu3r1gihoszmkcxkawzu.woff2]
[shk-pohl.de/wp-content/uploads/elementor/google-fonts/fonts/roboto-kfo5cnqeu92fr1mu53zec9_vu3r1gihoszmkchkawzu.woff2]
[shk-pohl.de/wp-content/uploads/elementor/google-fonts/fonts/roboto-kfo5cnqeu92fr1mu53zec9_vu3r1gihoszmkbnka.woff2]
[shk-pohl.de/wp-content/uploads/elementor/google-fonts/fonts/roboto-kfo7cnqeu92fr1me7ksn66agldtyluama3gubgee.woff2]
[shk-pohl.de/wp-content/uploads/elementor/google-fonts/fonts/roboto-kfo7cnqeu92fr1me7ksn66agldtyluama3iubgee.woff2]
[shk-pohl.de/wp-content/uploads/elementor/google-fonts/fonts/roboto-kfo7cnqeu92fr1me7ksn66agldtyluama3cubgee.woff2]
[shk-pohl.de/wp-content/uploads/elementor/google-fonts/fonts/roboto-kfo7cnqeu92fr1me7ksn66agldtyluama3-ubgee.woff2]
[shk-pohl.de/wp-content/uploads/elementor/google-fonts/fonts/roboto-kfo7cnqeu92fr1me7ksn66agldtyluamawcubgee.woff2]
[shk-pohl.de/wp-content/uploads/elementor/google-fonts/fonts/roboto-kfo7cnqeu92fr1me7ksn66agldtyluamaxkubgee.woff2]
[shk-pohl.de/wp-content/uploads/elementor/google-fonts/fonts/roboto-kfo7cnqeu92fr1me7ksn66agldtyluama3oubgee.woff2]
[shk-pohl.de/wp-content/uploads/elementor/google-fonts/fonts/roboto-kfo7cnqeu92fr1me7ksn66agldtyluama3kubgee.woff2]
[shk-pohl.de/wp-content/uploads/elementor/google-fonts/fonts/roboto-kfo7cnqeu92fr1me7ksn66agldtyluama3yuba.woff2]
[elektriker-pohl.de/wp-content/uploads/elementor/google-fonts/css/roboto18b6.css]
[shk-pohl.de/wp-content/uploads/elementor/google-fonts/fonts/robotoslab-bngmuxzytxpivibgjjsb6ufa5qw54a.woff2]
[shk-pohl.de/wp-content/uploads/elementor/google-fonts/fonts/robotoslab-bngmuxzytxpivibgjjsb6ufj5qw54a.woff2]
[shk-pohl.de/wp-content/uploads/elementor/google-fonts/fonts/robotoslab-bngmuxzytxpivibgjjsb6ufb5qw54a.woff2]
[shk-pohl.de/wp-content/uploads/elementor/google-fonts/fonts/robotoslab-bngmuxzytxpivibgjjsb6ufo5qw54a.woff2]
[shk-pohl.de/wp-content/uploads/elementor/google-fonts/fonts/robotoslab-bngmuxzytxpivibgjjsb6ufc5qw54a.woff2]
[shk-pohl.de/wp-content/uploads/elementor/google-fonts/fonts/robotoslab-bngmuxzytxpivibgjjsb6ufd5qw54a.woff2]
[shk-pohl.de/wp-content/uploads/elementor/google-fonts/fonts/robotoslab-bngmuxzytxpivibgjjsb6ufn5qu.woff2]
[elektriker-pohl.de/wp-content/uploads/elementor/google-fonts/css/robotoslab4fb3.css]
[elektriker-pohl.de/wp-content/uploads/elementor/css/post-208caf8.css]
[elektriker-pohl.de/wp-json/wp/v2/pages/208.json]
[elektriker-pohl.de/wp-json/oembed/1.0/embed5be5.json]
[elektriker-pohl.de/wp-json/oembed/1.0/embed0aec]
[elektriker-pohl.de/impressum/index.html]
[elektriker-pohl.de/wp-content/uploads/elementor/css/post-210d807.css]
[elektriker-pohl.de/wp-json/wp/v2/pages/210.json]
[elektriker-pohl.de/wp-json/oembed/1.0/embed1aed.json]
[elektriker-pohl.de/wp-json/oembed/1.0/embed120a]
[elektriker-pohl.de/datenschutz/index.html]
[elektriker-pohl.de/wp-content/uploads/elementor/css/post-208caf8.css]
[elektriker-pohl.de/index0eba.html]
[elektriker-pohl.de/wp-content/uploads/elementor/css/post-210d807.css]
[elektriker-pohl.de/indexe4c6.html]
